To honour the JVM settings for this build a single-use Daemon process will be forked. For more on this, please refer to https://docs.gradle.org/8.11.1/userguide/gradle_daemon.html#sec:disabling_the_daemon in the Gradle documentation.
Daemon will be stopped at the end of the build 
Warning: SDK processing. This version only understands SDK XML versions up to 3 but an SDK XML file of version 4 was encountered. This can happen if you use versions of Android Studio and the command-line tools that were released at different times.
> Task :app:preBuild UP-TO-DATE
> Task :app:preDebugBuild UP-TO-DATE
> Task :app:mergeDebugNativeDebugMetadata NO-SOURCE
> Task :app:checkKotlinGradlePluginConfigurationErrors
> Task :app:generateDebugBuildConfig UP-TO-DATE
> Task :lynx-capacitor:preBuild UP-TO-DATE
> Task :lynx-capacitor:preDebugBuild UP-TO-DATE
> Task :lynx-capacitor:writeDebugAarMetadata UP-TO-DATE
> Task :lynx-debug-tool:preBuild UP-TO-DATE
> Task :lynx-debug-tool:preDebugBuild UP-TO-DATE
> Task :lynx-debug-tool:writeDebugAarMetadata UP-TO-DATE
> Task :lynx-map:preBuild UP-TO-DATE
> Task :lynx-map:preDebugBuild UP-TO-DATE
> Task :lynx-map:writeDebugAarMetadata UP-TO-DATE
> Task :lynx-shell:preBuild UP-TO-DATE
> Task :lynx-shell:preDebugBuild UP-TO-DATE
> Task :lynx-shell:writeDebugAarMetadata UP-TO-DATE
> Task :app:checkDebugAarMetadata UP-TO-DATE
> Task :app:generateDebugResValues UP-TO-DATE
> Task :lynx-capacitor:generateDebugResValues UP-TO-DATE
> Task :lynx-capacitor:generateDebugResources UP-TO-DATE
> Task :lynx-capacitor:packageDebugResources UP-TO-DATE
> Task :lynx-debug-tool:generateDebugResValues UP-TO-DATE
> Task :lynx-debug-tool:generateDebugResources UP-TO-DATE
> Task :lynx-debug-tool:packageDebugResources UP-TO-DATE
> Task :lynx-map:generateDebugResValues UP-TO-DATE
> Task :lynx-map:generateDebugResources UP-TO-DATE
> Task :lynx-map:packageDebugResources UP-TO-DATE
> Task :lynx-shell:generateDebugResValues UP-TO-DATE
> Task :lynx-shell:generateDebugResources UP-TO-DATE
> Task :lynx-shell:packageDebugResources UP-TO-DATE
> Task :app:mapDebugSourceSetPaths UP-TO-DATE
> Task :app:generateDebugResources UP-TO-DATE
> Task :app:mergeDebugResources UP-TO-DATE
> Task :app:packageDebugResources UP-TO-DATE
> Task :app:parseDebugLocalResources UP-TO-DATE
> Task :app:createDebugCompatibleScreenManifests UP-TO-DATE
> Task :app:extractDeepLinksDebug UP-TO-DATE
> Task :lynx-capacitor:extractDeepLinksDebug UP-TO-DATE
> Task :lynx-capacitor:processDebugManifest UP-TO-DATE
> Task :lynx-debug-tool:extractDeepLinksDebug UP-TO-DATE
> Task :lynx-debug-tool:processDebugManifest UP-TO-DATE
> Task :lynx-map:extractDeepLinksDebug UP-TO-DATE
> Task :lynx-map:processDebugManifest UP-TO-DATE
> Task :lynx-shell:extractDeepLinksDebug UP-TO-DATE
> Task :lynx-shell:processDebugManifest UP-TO-DATE
> Task :app:processDebugMainManifest UP-TO-DATE
> Task :app:processDebugManifest UP-TO-DATE
> Task :app:processDebugManifestForPackage UP-TO-DATE
> Task :lynx-capacitor:compileDebugLibraryResources UP-TO-DATE
> Task :lynx-capacitor:parseDebugLocalResources UP-TO-DATE
> Task :lynx-capacitor:generateDebugRFile UP-TO-DATE
> Task :lynx-debug-tool:compileDebugLibraryResources UP-TO-DATE
> Task :lynx-debug-tool:parseDebugLocalResources UP-TO-DATE
> Task :lynx-debug-tool:generateDebugRFile UP-TO-DATE
> Task :lynx-map:compileDebugLibraryResources UP-TO-DATE
> Task :lynx-map:parseDebugLocalResources UP-TO-DATE
> Task :lynx-map:generateDebugRFile UP-TO-DATE
> Task :lynx-shell:compileDebugLibraryResources UP-TO-DATE
> Task :lynx-shell:parseDebugLocalResources UP-TO-DATE
> Task :lynx-shell:generateDebugRFile UP-TO-DATE
> Task :app:processDebugResources UP-TO-DATE
> Task :lynx-capacitor:checkKotlinGradlePluginConfigurationErrors
> Task :lynx-capacitor:compileDebugKotlin UP-TO-DATE
> Task :lynx-capacitor:javaPreCompileDebug UP-TO-DATE
> Task :lynx-capacitor:compileDebugJavaWithJavac NO-SOURCE
> Task :lynx-capacitor:bundleLibCompileToJarDebug UP-TO-DATE
> Task :lynx-debug-tool:checkKotlinGradlePluginConfigurationErrors
> Task :lynx-map:checkKotlinGradlePluginConfigurationErrors
> Task :lynx-map:compileDebugKotlin UP-TO-DATE
> Task :lynx-map:javaPreCompileDebug UP-TO-DATE
> Task :lynx-map:compileDebugJavaWithJavac NO-SOURCE
> Task :lynx-map:bundleLibCompileToJarDebug UP-TO-DATE
> Task :lynx-shell:checkKotlinGradlePluginConfigurationErrors
> Task :lynx-shell:generateDebugBuildConfig UP-TO-DATE
> Task :lynx-shell:compileDebugKotlin UP-TO-DATE
> Task :lynx-shell:javaPreCompileDebug UP-TO-DATE
> Task :lynx-shell:compileDebugJavaWithJavac UP-TO-DATE
> Task :lynx-shell:bundleLibCompileToJarDebug UP-TO-DATE
> Task :lynx-debug-tool:compileDebugKotlin UP-TO-DATE
> Task :lynx-debug-tool:javaPreCompileDebug UP-TO-DATE
> Task :lynx-debug-tool:compileDebugJavaWithJavac NO-SOURCE
> Task :lynx-debug-tool:bundleLibCompileToJarDebug UP-TO-DATE
> Task :app:javaPreCompileDebug UP-TO-DATE
> Task :app:mergeDebugShaders UP-TO-DATE
> Task :app:compileDebugShaders NO-SOURCE
> Task :app:generateDebugAssets UP-TO-DATE
> Task :lynx-capacitor:mergeDebugShaders UP-TO-DATE
> Task :lynx-capacitor:compileDebugShaders NO-SOURCE
> Task :lynx-capacitor:generateDebugAssets UP-TO-DATE
> Task :lynx-capacitor:mergeDebugAssets UP-TO-DATE
> Task :lynx-debug-tool:mergeDebugShaders UP-TO-DATE
> Task :lynx-debug-tool:compileDebugShaders NO-SOURCE
> Task :lynx-debug-tool:generateDebugAssets UP-TO-DATE
> Task :lynx-debug-tool:mergeDebugAssets UP-TO-DATE
> Task :lynx-map:mergeDebugShaders UP-TO-DATE
> Task :lynx-map:compileDebugShaders NO-SOURCE
> Task :lynx-map:generateDebugAssets UP-TO-DATE
> Task :lynx-map:mergeDebugAssets UP-TO-DATE
> Task :lynx-shell:mergeDebugShaders UP-TO-DATE
> Task :lynx-shell:compileDebugShaders NO-SOURCE
> Task :lynx-shell:generateDebugAssets UP-TO-DATE
> Task :lynx-shell:mergeDebugAssets UP-TO-DATE
> Task :app:mergeDebugAssets UP-TO-DATE
> Task :app:compressDebugAssets UP-TO-DATE
> Task :lynx-debug-tool:bundleLibRuntimeToJarDebug UP-TO-DATE
> Task :lynx-shell:bundleLibRuntimeToJarDebug UP-TO-DATE
> Task :lynx-map:bundleLibRuntimeToJarDebug UP-TO-DATE
> Task :lynx-capacitor:bundleLibRuntimeToJarDebug UP-TO-DATE
> Task :app:desugarDebugFileDependencies UP-TO-DATE
> Task :lynx-capacitor:processDebugJavaRes UP-TO-DATE
> Task :lynx-debug-tool:processDebugJavaRes UP-TO-DATE
> Task :lynx-map:processDebugJavaRes UP-TO-DATE
> Task :lynx-shell:processDebugJavaRes UP-TO-DATE
> Task :app:checkDebugDuplicateClasses UP-TO-DATE
> Task :app:mergeExtDexDebug UP-TO-DATE
> Task :lynx-debug-tool:bundleLibRuntimeToDirDebug UP-TO-DATE
> Task :lynx-shell:bundleLibRuntimeToDirDebug UP-TO-DATE
> Task :lynx-map:bundleLibRuntimeToDirDebug UP-TO-DATE
> Task :lynx-capacitor:bundleLibRuntimeToDirDebug UP-TO-DATE
> Task :app:mergeDebugJniLibFolders UP-TO-DATE
> Task :lynx-capacitor:mergeDebugJniLibFolders UP-TO-DATE
> Task :lynx-capacitor:mergeDebugNativeLibs NO-SOURCE
> Task :lynx-capacitor:copyDebugJniLibsProjectOnly UP-TO-DATE
> Task :lynx-debug-tool:mergeDebugJniLibFolders UP-TO-DATE
> Task :lynx-debug-tool:mergeDebugNativeLibs NO-SOURCE
> Task :lynx-debug-tool:copyDebugJniLibsProjectOnly UP-TO-DATE
> Task :lynx-map:mergeDebugJniLibFolders UP-TO-DATE
> Task :lynx-map:mergeDebugNativeLibs NO-SOURCE
> Task :lynx-map:copyDebugJniLibsProjectOnly UP-TO-DATE
> Task :lynx-shell:mergeDebugJniLibFolders UP-TO-DATE
> Task :lynx-shell:mergeDebugNativeLibs NO-SOURCE
> Task :lynx-shell:copyDebugJniLibsProjectOnly UP-TO-DATE
> Task :app:mergeDebugNativeLibs UP-TO-DATE
> Task :app:mergeLibDexDebug UP-TO-DATE
> Task :app:stripDebugDebugSymbols UP-TO-DATE
> Task :app:validateSigningDebug UP-TO-DATE
> Task :app:writeDebugAppMetadata UP-TO-DATE
> Task :app:writeDebugSigningConfigVersions UP-TO-DATE
> Task :app:compileDebugKotlin
> Task :app:compileDebugJavaWithJavac UP-TO-DATE
> Task :app:dexBuilderDebug
> Task :app:mergeDebugGlobalSynthetics UP-TO-DATE
> Task :app:processDebugJavaRes UP-TO-DATE
> Task :app:mergeDebugJavaResource UP-TO-DATE
> Task :app:mergeProjectDexDebug
> Task :app:packageDebug
> Task :app:createDebugApkListingFileRedirect UP-TO-DATE
> Task :app:assembleDebug

BUILD SUCCESSFUL in 11s
120 actionable tasks: 9 executed, 111 up-to-date
